               
               
┌─────────────┐
│ Scan Status │
└─────────────┘
  Scanning 42 files tracked by git with 1077 Code rules:
                                                                                                                        
  Language      Rules   Files          Origin      Rules                                                                
 ─────────────────────────────        ───────────────────                                                               
  <multilang>      62      42          Community    1077                                                                
  js              153      14                                                                                           
  html              1       6                                                                                           
  json              4       4                                                                                           
                                                                                                                        
                
                
┌──────────────┐
│ Scan Summary │
└──────────────┘
✅ Scan completed successfully.
 • Findings: 7 (7 blocking)
 • Rules run: 219
 • Targets scanned: 42
 • Parsed lines: ~100.0%
 • Scan skipped: 
   ◦ Files matching .semgrepignore patterns: 138
 • For a detailed list of skipped files and lines, run semgrep with the --verbose flag
Ran 219 rules on 42 files: 7 findings.
